2015-10-01T01:33:18.918-0700: 1.361: [GC2015-10-01T01:33:18.918-0700: 1.361: [DefNew: 68160K->8293K(76672K), 0.0139950 secs] 68160K->8293K(1040064K), 0.0140670 secs] [Times: user=0.01 sys=0.00, real=0.02 secs] 
2015-10-01T01:33:19.956-0700: 2.399: [GC [1 CMS-initial-mark: 0K(963392K)] 37804K(1040064K), 0.0107580 secs] [Times: user=0.01 sys=0.00, real=0.01 secs] 
2015-10-01T01:33:19.967-0700: 2.410: [CMS-concurrent-mark-start]
2015-10-01T01:33:19.980-0700: 2.423: [CMS-concurrent-mark: 0.013/0.013 secs] [Times: user=0.02 sys=0.00, real=0.01 secs] 
2015-10-01T01:33:19.980-0700: 2.423: [CMS-concurrent-preclean-start]
2015-10-01T01:33:19.984-0700: 2.426: [CMS-concurrent-preclean: 0.003/0.004 secs] [Times: user=0.00 sys=0.00, real=0.01 secs] 
2015-10-01T01:33:19.984-0700: 2.426: [CMS-concurrent-abortable-preclean-start]
 CMS: abort preclean due to time 2015-10-01T01:33:25.101-0700: 7.543: [CMS-concurrent-abortable-preclean: 0.662/5.117 secs] [Times: user=0.56 sys=0.00, real=5.11 secs] 
2015-10-01T01:33:25.101-0700: 7.544: [GC[YG occupancy: 40537 K (76672 K)]2015-10-01T01:33:25.101-0700: 7.544: [GC2015-10-01T01:33:25.101-0700: 7.544: [DefNew: 40537K->1787K(76672K), 0.0216540 secs] 40537K->3719K(1040064K), 0.0217020 secs] [Times: user=0.01 sys=0.00, real=0.03 secs] 
2015-10-01T01:33:25.123-0700: 7.565: [Rescan (non-parallel) 2015-10-01T01:33:25.123-0700: 7.565: [grey object rescan, 0.0182430 secs]2015-10-01T01:33:25.141-0700: 7.584: [root rescan, 0.0008160 secs], 0.0190970 secs]2015-10-01T01:33:25.142-0700: 7.584: [weak refs processing, 0.0000110 secs]2015-10-01T01:33:25.142-0700: 7.584: [class unloading, 0.0007430 secs]2015-10-01T01:33:25.142-0700: 7.585: [scrub symbol table, 0.0024790 secs]2015-10-01T01:33:25.145-0700: 7.588: [scrub string table, 0.0001410 secs] [1 CMS-remark: 1931K(963392K)] 3719K(1040064K), 0.0444460 secs] [Times: user=0.02 sys=0.00, real=0.05 secs] 
2015-10-01T01:33:25.146-0700: 7.589: [CMS-concurrent-sweep-start]
2015-10-01T01:33:25.154-0700: 7.597: [CMS-concurrent-sweep: 0.008/0.008 secs] [Times: user=0.01 sys=0.00, real=0.01 secs] 
2015-10-01T01:33:25.155-0700: 7.597: [CMS-concurrent-reset-start]
2015-10-01T01:33:25.166-0700: 7.609: [CMS-concurrent-reset: 0.011/0.011 secs] [Times: user=0.00 sys=0.01, real=0.01 secs] 
2015-10-01T01:40:13.696-0700: 416.139: [GC2015-10-01T01:40:13.696-0700: 416.139: [DefNew: 69947K->2507K(76672K), 0.0107060 secs] 71879K->4439K(1040064K), 0.0107920 secs] [Times: user=0.01 sys=0.00, real=0.01 secs] 
2015-10-01T01:47:46.801-0700: 869.244: [GC2015-10-01T01:47:46.801-0700: 869.244: [DefNew: 70667K->2213K(76672K), 0.0068100 secs] 72599K->4144K(1040064K), 0.0068820 secs] [Times: user=0.01 sys=0.00, real=0.01 secs] 
2015-10-01T01:59:35.144-0700: 1577.587: [GC2015-10-01T01:59:35.144-0700: 1577.587: [DefNew: 70373K->2153K(76672K), 0.0069950 secs] 72304K->4085K(1040064K), 0.0070710 secs] [Times: user=0.01 sys=0.00, real=0.01 secs] 
2015-10-01T02:08:07.024-0700: 2089.467: [GC2015-10-01T02:08:07.024-0700: 2089.467: [DefNew: 70313K->2211K(76672K), 0.0070400 secs] 72245K->4142K(1040064K), 0.0071030 secs] [Times: user=0.01 sys=0.00, real=0.01 secs] 
2015-10-01T02:16:24.327-0700: 2586.769: [GC2015-10-01T02:16:24.327-0700: 2586.769: [DefNew: 70371K->2189K(76672K), 0.0075030 secs] 72302K->4121K(1040064K), 0.0075700 secs] [Times: user=0.00 sys=0.00, real=0.01 secs] 
2015-10-01T02:25:08.271-0700: 3110.714: [GC2015-10-01T02:25:08.271-0700: 3110.714: [DefNew: 70349K->1192K(76672K), 0.0072690 secs] 72281K->3583K(1040064K), 0.0073410 secs] [Times: user=0.01 sys=0.00, real=0.00 secs] 
2015-10-01T02:43:14.327-0700: 4196.769: [GC2015-10-01T02:43:14.327-0700: 4196.769: [DefNew: 69352K->1685K(76672K), 0.0067790 secs] 71743K->4279K(1040064K), 0.0070490 secs] [Times: user=0.01 sys=0.00, real=0.01 secs] 
2015-10-01T03:42:09.327-0700: 7731.770: [GC2015-10-01T03:42:09.327-0700: 7731.770: [DefNew: 69845K->1861K(76672K), 0.0045800 secs] 72439K->4461K(1040064K), 0.0046410 secs] [Times: user=0.01 sys=0.00, real=0.01 secs] 
2015-10-01T04:41:19.326-0700: 11281.769: [GC2015-10-01T04:41:19.326-0700: 11281.769: [DefNew: 70021K->1809K(76672K), 0.0034380 secs] 72621K->4476K(1040064K), 0.0035470 secs] [Times: user=0.00 sys=0.00, real=0.01 secs] 
2015-10-01T05:41:09.331-0700: 14871.773: [GC2015-10-01T05:41:09.331-0700: 14871.773: [DefNew: 69969K->1797K(76672K), 0.0036480 secs] 72636K->4465K(1040064K), 0.0037030 secs] [Times: user=0.01 sys=0.00, real=0.00 secs] 
2015-10-01T06:40:59.327-0700: 18461.769: [GC2015-10-01T06:40:59.327-0700: 18461.769: [DefNew: 69956K->1811K(76672K), 0.0034840 secs] 72624K->4487K(1040064K), 0.0037820 secs] [Times: user=0.01 sys=0.00, real=0.01 secs] 
2015-10-01T07:39:48.475-0700: 21990.918: [GC2015-10-01T07:39:48.475-0700: 21990.918: [DefNew: 69971K->1810K(76672K), 0.0032830 secs] 72647K->4487K(1040064K), 0.0033390 secs] [Times: user=0.01 sys=0.00, real=0.00 secs] 
2015-10-01T08:39:51.357-0700: 25593.799: [GC2015-10-01T08:39:51.357-0700: 25593.799: [DefNew: 69970K->352K(76672K), 0.0059720 secs] 72647K->4530K(1040064K), 0.0060330 secs] [Times: user=0.02 sys=0.00, real=0.01 secs] 
2015-10-01T09:40:42.358-0700: 29244.801: [GC2015-10-01T09:40:42.358-0700: 29244.801: [DefNew: 68512K->344K(76672K), 0.0023810 secs] 72690K->4532K(1040064K), 0.0024400 secs] [Times: user=0.00 sys=0.00, real=0.00 secs] 
2015-10-01T10:41:35.302-0700: 32897.745: [GC2015-10-01T10:41:35.302-0700: 32897.745: [DefNew: 68504K->344K(76672K), 0.0015310 secs] 72692K->4533K(1040064K), 0.0015760 secs] [Times: user=0.00 sys=0.00, real=0.00 secs] 
2015-10-01T11:42:28.325-0700: 36550.767: [GC2015-10-01T11:42:28.325-0700: 36550.767: [DefNew: 68504K->344K(76672K), 0.0018760 secs] 72693K->4533K(1040064K), 0.0019220 secs] [Times: user=0.01 sys=0.00, real=0.00 secs] 
2015-10-01T12:43:09.327-0700: 40191.769: [GC2015-10-01T12:43:09.327-0700: 40191.769: [DefNew: 68497K->353K(76672K), 0.0017890 secs] 72685K->4542K(1040064K), 0.0018350 secs] [Times: user=0.00 sys=0.00, real=0.00 secs] 
2015-10-01T13:43:50.012-0700: 43832.455: [GC2015-10-01T13:43:50.012-0700: 43832.455: [DefNew: 68513K->343K(76672K), 0.0018240 secs] 72702K->4532K(1040064K), 0.0018720 secs] [Times: user=0.01 sys=0.00, real=0.00 secs] 
2015-10-01T14:44:49.102-0700: 47491.544: [GC2015-10-01T14:44:49.102-0700: 47491.544: [DefNew: 68503K->221K(76672K), 0.0017090 secs] 72692K->4533K(1040064K), 0.0017600 secs] [Times: user=0.00 sys=0.00, real=0.00 secs] 
2015-10-01T15:44:56.390-0700: 51098.833: [GC2015-10-01T15:44:56.390-0700: 51098.833: [DefNew: 68381K->218K(76672K), 0.0015910 secs] 72693K->4530K(1040064K), 0.0016360 secs] [Times: user=0.00 sys=0.00, real=0.00 secs] 
2015-10-01T16:45:49.326-0700: 54751.769: [GC2015-10-01T16:45:49.326-0700: 54751.769: [DefNew: 68378K->246K(76672K), 0.0013840 secs] 72690K->4559K(1040064K), 0.0014290 secs] [Times: user=0.00 sys=0.00, real=0.00 secs] 
